// Jest Snapshot v1, https://goo.gl/fbAQLP

exports[`renders the Error component correctly 1`] = `
<div>
  <div
    class="container"
  >
    <h1>
      PAGE NOT FOUND
    </h1>
    <h2>
      You've come to nowhere (Knowhere)... =)
    </h2>
    <blockquote>
      <h3>
        "Knowhere."
        <br />
        "He must be going somewhere."
        <br />
        "No, no. Knowhere? It's a place, we've been there. It sucks."
      </h3>
    </blockquote>
    <h4>
      â€•Thor, Mantis and Star-Lord
    </h4>
  </div>
</div>
`;
